  test cycles 2636 | rows to run: ['A2', 'A3', 'A4', 'A5', 'A6', 'P5']

==========================================================================
  A2: - ImageNet pre-training (random init)
==========================================================================
    building cache train_128m_8.0s_wrap_1.npy ...
      1500/4251
      3000/4251
    building cache test_128m_8.0s_wrap_1.npy ...
      1500/2636
    ep 10/40  official 0.3890  (best 0.4737)
    ep 20/40  official 0.4934  (best 0.4934)
    ep 30/40  official 0.4799  (best 0.4999)
    ep 40/40  official 0.4957  (best 0.4999)
    -> official 0.4999 [0.4384, 0.5508]  Se 0.3736 Sp 0.6263  (911s)

==========================================================================
  A3: - class-weighted loss (plain CE)
==========================================================================
    ep 10/40  official 0.5274  (best 0.5282)
    ep 20/40  official 0.5395  (best 0.5497)
    ep 30/40  official 0.5295  (best 0.5497)
    ep 40/40  official 0.5295  (best 0.5497)
    -> official 0.5497 [0.5016, 0.5932]  Se 0.4275 Sp 0.6718  (858s)

==========================================================================
  A4: frozen backbone, classifier only
==========================================================================
    ep 10/40  official 0.4112  (best 0.4421)
    ep 20/40  official 0.3600  (best 0.4595)
    ep 30/40  official 0.3792  (best 0.4595)
    ep 40/40  official 0.4208  (best 0.4595)
    -> official 0.4595 [0.3995, 0.5206]  Se 0.4349 Sp 0.4840  (451s)

==========================================================================
  A5: 64 mels instead of 128
==========================================================================
    building cache train_64m_8.0s_wrap_1.npy ...
      1500/4251
      3000/4251
    building cache test_64m_8.0s_wrap_1.npy ...
      1500/2636
    ep 10/40  official 0.3690  (best 0.4984)
    ep 20/40  official 0.4946  (best 0.5034)
    ep 30/40  official 0.5239  (best 0.5427)
    ep 40/40  official 0.5307  (best 0.5427)
    -> official 0.5427 [0.4924, 0.5874]  Se 0.4238 Sp 0.6615  (509s)

==========================================================================
  A6: 4 s cycles instead of 8 s
==========================================================================
    building cache train_128m_4.0s_wrap_1.npy ...
      1500/4251
      3000/4251
    building cache test_128m_4.0s_wrap_1.npy ...
      1500/2636
    ep 10/40  official 0.4577  (best 0.5003)
    ep 20/40  official 0.4966  (best 0.5004)
    ep 30/40  official 0.5106  (best 0.5165)
    ep 40/40  official 0.5094  (best 0.5224)
    -> official 0.5224 [0.4626, 0.5736]  Se 0.4954 Sp 0.5494  (477s)

==========================================================================
  P5: - per-spectrogram min-max normalisation
==========================================================================
    building cache train_128m_8.0s_wrap_0.npy ...
      1500/4251
      3000/4251
    building cache test_128m_8.0s_wrap_0.npy ...
      1500/2636
    ep 10/40  official 0.5209  (best 0.5209)
    ep 20/40  official 0.5329  (best 0.5346)
    ep 30/40  official 0.5298  (best 0.5431)
    ep 40/40  official 0.5385  (best 0.5539)
    -> official 0.5539 [0.5005, 0.6039]  Se 0.4136 Sp 0.6942  (864s)

====================================================================================================
  M45 — ABLATION TABLE (baseline A0 = M22_v2, corrected official split)
====================================================================================================
  row  variable changed                             official    delta     Se     Sp     F1
  ------------------------------------------------------------------------------------------------
  A0   baseline (M22_v2): MobileNetV2 + SpecAugment   0.5602        —  0.409  0.712  0.414
  A1   - SpecAugment (M3_v2)                          0.5200  -0.0402  0.427  0.614  0.399
  A2   - ImageNet pre-training (random init)          0.4999  -0.0603  0.374  0.626  0.378
  A3   - class-weighted loss (plain CE)               0.5497  -0.0105  0.427  0.672  0.429
  A4   frozen backbone, classifier only               0.4595  -0.1007  0.435  0.484  0.337
  A5   64 mels instead of 128                         0.5427  -0.0175  0.424  0.661  0.404
  A6   4 s cycles instead of 8 s                      0.5224  -0.0378  0.495  0.549  0.406
  P4   zero-padding instead of cyclic tiling          0.5291  -0.0311  0.468  0.590  0.384
  P5   - per-spectrogram min-max normalisation        0.5539  -0.0063  0.414  0.694  0.413
  ------------------------------------------------------------------------------------------------
  P1   NOT APPLICABLE — band-pass filter — never implemented; the mel fmin/fmax bounds the band implicitly
  P2   NOT APPLICABLE — denoising — never implemented in this pipeline
  P3   NOT APPLICABLE — amplitude normalisation — never implemented (per-spectrogram min-max is row P5)
====================================================================================================

  wrote M45_ablation_table.json
